# name: TestAddCzInfo.test_snapshot
  '
  [tool.poetry]
  name = "action-update-version"
  version = "0.10.8"
  
  [tool.commitizen]
  name = "cz_conventional_commits"
  version = "0.10.8"
  tag_format = "v$version"
  bump_message = "chore(version): $current_version â†’ $new_version"
  version_files = ["README.md:version-badge", "pyproject.toml:version"]
  
  
  '
---
